// Jest Snapshot v1, https://goo.gl/fbAQLP

exports[`Navbar Component should match snapshot 1`] = `
<DocumentFragment>
  <header
    class="MuiPaper-root MuiPaper-elevation MuiPaper-elevation4 MuiAppBar-root MuiAppBar-colorPrimary MuiAppBar-positionFixed mui-fixed css-b4hu5c-MuiPaper-root-MuiAppBar-root-StyledAppBar-root"
    data-testid="navbar"
    style="--Paper-shadow: var(--mui-shadows-4); --Paper-overlay: var(--mui-overlays-4);"
  >
    <div
      class="MuiContainer-root css-12f197v-MuiContainer-root"
    >
      <div
        class="MuiToolbar-root MuiToolbar-regular css-1u9o2lj-MuiToolbar-root"
      >
        <div
          class="css-1vbiuhu-Logo-root"
          data-testid="navbar-logo"
        >
          <img
            alt="Arbisoft Icon"
            data-nimg="1"
            data-testid="arbisoftLogo"
            decoding="async"
            height="24"
            loading="lazy"
            src="/_next/image?url=%2Fassets%2Fimages%2Fapple-icon.png&w=48&q=75"
            srcset="/_next/image?url=%2Fassets%2Fimages%2Fapple-icon.png&w=32&q=75 1x, /_next/image?url=%2Fassets%2Fimages%2Fapple-icon.png&w=48&q=75 2x"
            style="color: transparent;"
            width="24"
          />
          <h6
            class="MuiTypography-root MuiTypography-h6 MuiTypography-noWrap css-1k6p2lw-MuiTypography-root"
          >
            Arbisoft Sessions Portal
          </h6>
        </div>
        <div
          class="MuiBox-root css-1rqqp05"
        >
          <form
            class="css-15t2c4j-Search-root"
          >
            <div
              class="MuiInputBase-root MuiInputBase-colorPrimary css-1kssppa-MuiInputBase-root-StyledInputBase-root"
            >
              <input
                aria-label="search"
                class="MuiInputBase-input css-1943rd7-MuiInputBase-input"
                data-testid="search-query"
                placeholder="Search..."
                type="text"
                value="test search"
              />
            </div>
            <div
              class="css-8brctg-CancelIconWrapper-root"
              data-testid="cancelIcon"
            >
              <svg
                aria-hidden="true"
                class="MuiSvgIcon-root MuiSvgIcon-fontSizeMedium css-4uxqju-MuiSvgIcon-root"
                data-testid="CancelIcon"
                focusable="false"
                viewBox="0 0 24 24"
              >
                <path
                  d="M12 2C6.47 2 2 6.47 2 12s4.47 10 10 10 10-4.47 10-10S17.53 2 12 2m5 13.59L15.59 17 12 13.41 8.41 17 7 15.59 10.59 12 7 8.41 8.41 7 12 10.59 15.59 7 17 8.41 13.41 12z"
                />
              </svg>
            </div>
            <button
              class="MuiButtonBase-root MuiButton-root MuiButton-text MuiButton-textPrimary MuiButton-sizeMedium MuiButton-textSizeMedium MuiButton-colorPrimary MuiButton-root MuiButton-text MuiButton-textPrimary MuiButton-sizeMedium MuiButton-textSizeMedium MuiButton-colorPrimary css-1cdkzx6-MuiButtonBase-root-MuiButton-root-SearchIconWrapper-root"
              tabindex="0"
              type="submit"
            >
              <svg
                aria-hidden="true"
                class="MuiSvgIcon-root MuiSvgIcon-fontSizeMedium css-4uxqju-MuiSvgIcon-root"
                data-testid="SearchIcon"
                focusable="false"
                viewBox="0 0 24 24"
              >
                <path
                  d="M15.5 14h-.79l-.28-.27C15.41 12.59 16 11.11 16 9.5 16 5.91 13.09 3 9.5 3S3 5.91 3 9.5 5.91 16 9.5 16c1.61 0 3.09-.59 4.23-1.57l.27.28v.79l5 4.99L20.49 19zm-6 0C7.01 14 5 11.99 5 9.5S7.01 5 9.5 5 14 7.01 14 9.5 11.99 14 9.5 14"
                />
              </svg>
            </button>
          </form>
        </div>
        <div
          class="MuiBox-root css-si7qf5-NavbarRightArea-root"
        >
          <button
            aria-label="Open settings"
            class="MuiButtonBase-root MuiIconButton-root MuiIconButton-sizeLarge css-9nlk2f-MuiButtonBase-root-MuiIconButton-root"
            data-mui-internal-clone-element="true"
            data-testid="avatar-btn"
            tabindex="0"
            type="button"
          >
            <div
              class="MuiAvatar-root MuiAvatar-rounded css-11kq5jj-MuiAvatar-root"
            >
              <img
                alt="John Doe"
                class="MuiAvatar-img css-1su80sj-MuiAvatar-img"
                src="https://example.com/avatar.jpg"
              />
            </div>
          </button>
        </div>
      </div>
    </div>
  </header>
</DocumentFragment>
`;
