// Jest Snapshot v1, https://goo.gl/fbAQLP

exports[`Sidebar Component should match snapshot 1`] = `
<DocumentFragment>
  <div
    class="MuiBox-root css-cd9kc0-SidebarContainer-root"
    data-testid="sidebar-container"
  >
    <div
      class="MuiStack-root css-ujfjh4-MuiStack-root-MenuStack-root"
    >
      <ul
        class="MuiList-root MuiList-padding css-b7dj7n-MuiList-root"
        role="menu"
        tabindex="-1"
      >
        <li
          class="MuiButtonBase-root MuiMenuItem-root MuiMenuItem-gutters Mui-selected MuiMenuItem-root MuiMenuItem-gutters Mui-selected css-dnxijb-MuiButtonBase-root-MuiMenuItem-root-MenuItem-root"
          data-testid="sidebar-item-All"
          role="menuitem"
          tabindex="0"
        >
          <img
            alt="All videos"
            data-nimg="1"
            decoding="async"
            height="12"
            loading="lazy"
            src="/assets/images/sidebar-item-icon.svg"
            style="color: transparent;"
            width="18"
          />
          <p
            class="MuiTypography-root MuiTypography-bodyMedium css-p5v6a9-MuiTypography-root-Text-root"
          >
            All videos
          </p>
        </li>
        <li
          class="MuiButtonBase-root MuiMenuItem-root MuiMenuItem-gutters MuiMenuItem-root MuiMenuItem-gutters css-dnxijb-MuiButtonBase-root-MuiMenuItem-root-MenuItem-root"
          data-testid="sidebar-item-Test-1"
          role="menuitem"
          tabindex="-1"
        >
          <img
            alt="Test-1"
            data-nimg="1"
            decoding="async"
            height="12"
            loading="lazy"
            src="/assets/images/sidebar-item-icon.svg"
            style="color: transparent;"
            width="18"
          />
          <p
            class="MuiTypography-root MuiTypography-bodyMedium css-p5v6a9-MuiTypography-root-Text-root"
          >
            Test-1
          </p>
        </li>
        <li
          class="MuiButtonBase-root MuiMenuItem-root MuiMenuItem-gutters MuiMenuItem-root MuiMenuItem-gutters css-dnxijb-MuiButtonBase-root-MuiMenuItem-root-MenuItem-root"
          data-testid="sidebar-item-Test-2"
          role="menuitem"
          tabindex="-1"
        >
          <img
            alt="Test-2"
            data-nimg="1"
            decoding="async"
            height="12"
            loading="lazy"
            src="/assets/images/sidebar-item-icon.svg"
            style="color: transparent;"
            width="18"
          />
          <p
            class="MuiTypography-root MuiTypography-bodyMedium css-p5v6a9-MuiTypography-root-Text-root"
          >
            Test-2
          </p>
        </li>
        <li
          class="MuiButtonBase-root MuiMenuItem-root MuiMenuItem-gutters MuiMenuItem-root MuiMenuItem-gutters css-dnxijb-MuiButtonBase-root-MuiMenuItem-root-MenuItem-root"
          data-testid="sidebar-item-Test-3"
          role="menuitem"
          tabindex="-1"
        >
          <img
            alt="Test-3"
            data-nimg="1"
            decoding="async"
            height="12"
            loading="lazy"
            src="/assets/images/sidebar-item-icon.svg"
            style="color: transparent;"
            width="18"
          />
          <p
            class="MuiTypography-root MuiTypography-bodyMedium css-p5v6a9-MuiTypography-root-Text-root"
          >
            Test-3
          </p>
        </li>
      </ul>
      <div
        class="MuiBox-root css-1do1o5k-TagsContainer-root"
        data-testid="sidebar-tags"
      >
        <div
          class="MuiButtonBase-root MuiChip-root MuiChip-outlined MuiChip-sizeSmall MuiChip-colorDefault MuiChip-clickable MuiChip-clickableColorDefault MuiChip-outlinedDefault css-mtehtf-MuiButtonBase-root-MuiChip-root"
          data-testid="sidebar-tags-Test-1"
          role="button"
          tabindex="0"
        >
          <span
            class="MuiChip-label MuiChip-labelSmall css-19m61dl-MuiChip-label"
          >
            #Test-1
          </span>
        </div>
        <div
          class="MuiButtonBase-root MuiChip-root MuiChip-outlined MuiChip-sizeSmall MuiChip-colorDefault MuiChip-clickable MuiChip-clickableColorDefault MuiChip-outlinedDefault css-mtehtf-MuiButtonBase-root-MuiChip-root"
          data-testid="sidebar-tags-Test-2"
          role="button"
          tabindex="0"
        >
          <span
            class="MuiChip-label MuiChip-labelSmall css-19m61dl-MuiChip-label"
          >
            #Test-2
          </span>
        </div>
        <div
          class="MuiButtonBase-root MuiChip-root MuiChip-outlined MuiChip-sizeSmall MuiChip-colorDefault MuiChip-clickable MuiChip-clickableColorDefault MuiChip-outlinedDefault css-mtehtf-MuiButtonBase-root-MuiChip-root"
          data-testid="sidebar-tags-Test-3"
          role="button"
          tabindex="0"
        >
          <span
            class="MuiChip-label MuiChip-labelSmall css-19m61dl-MuiChip-label"
          >
            #Test-3
          </span>
        </div>
      </div>
    </div>
  </div>
</DocumentFragment>
`;
