// Jest Snapshot v1, https://goo.gl/fbAQLP

exports[`VideoCard should matches snapshot 1`] = `
<DocumentFragment>
  <div
    class="MuiPaper-root MuiPaper-elevation MuiPaper-rounded MuiPaper-elevation0 MuiCard-root custom-class normal-card css-1a4wa29-MuiPaper-root-MuiCard-root-VideoCardContainer-root"
    data-testid="video-card"
    style="--Paper-shadow: var(--mui-shadows-0); --Paper-overlay: var(--mui-overlays-0);"
  >
    <div
      class="MuiCardContent-root css-1lt5qva-MuiCardContent-root"
    >
      <div
        class="image-wrapper MuiBox-root css-1k95zkw-ImageWrapper-root"
      >
        <span
          class="MuiSkeleton-root MuiSkeleton-rounded MuiSkeleton-wave css-116i1gn-MuiSkeleton-root"
          style="width: 100%; height: 100%;"
        />
        <img
          alt="Refresher & AMA Session on Competency Framework Changes - January 2025"
          data-testid="video-card-image"
          height="196"
          src="http://localhost:1234/media/thumbnails/Screenshot_2025-02-12_at_1.13.39PM.png"
          width="315"
        />
        <div
          class="MuiTypography-root MuiTypography-bodyMedium video-duration css-1xa7gk3-MuiTypography-root"
          data-testid="video-card-duration"
        >
          30:30
        </div>
      </div>
      <div
        class="video-detail MuiBox-root css-0"
      >
        <h3
          class="MuiTypography-root MuiTypography-h3 css-1tq2yg0-MuiTypography-root"
          data-testid="video-card-title"
          title="Refresher & AMA Session on Competency Framework Changes - January 2025"
        >
          Refresher & AMA Session on Competency Framework Changes - January 2025
        </h3>
        <div
          class="MuiBox-root css-0"
        >
          <p
            class="MuiTypography-root MuiTypography-bodyMedium organizer-name css-l4hfz4-MuiTypography-root"
            data-testid="video-card-organizer"
          >
            John Doe
          </p>
          <p
            class="MuiTypography-root MuiTypography-bodyMedium date-time css-l4hfz4-MuiTypography-root"
            data-testid="video-card-date-time"
          >
            Jan 09, 2025
          </p>
        </div>
      </div>
    </div>
  </div>
</DocumentFragment>
`;
